--- Подключение к БД ---
--- Подключено ---
✅ Создан тестовый пост ID: 2
Test 1 (Author Idea -> Draft): PASS
⚠️ Некорректный переход для роли AUTHOR: draft -> approved
Test 2 (Author Draft -> Approved): PASS
🚫 Доступ запрещен: Автор 102 пытается изменить чужой пост 2
Test 3 (Other Author Change): PASS
Test 4 (Author Draft -> Review): PASS
⚠️ Некорректный переход для роли AUTHOR: review -> approved
Test 5 (Author Self-Approve): PASS
Test 6 (Editor Approve): PASS
Test 7 (Admin Publish): PASS
✅ Записей в audit_log для поста 2: 4
  - Action: status_change_draft, Status: draft, User: 101
  - Action: status_change_review, Status: review, User: 101
  - Action: status_change_approved, Status: approved, User: 201
  - Action: status_change_published, Status: published, User: 999
--- Тесты завершены ---
